mode: set
/Users/brian/dev/aco/aip/pkg/b57/implementations/go/b57.go:27.13,29.28 1 1
/Users/brian/dev/aco/aip/pkg/b57/implementations/go/b57.go:29.28,31.3 1 1
/Users/brian/dev/aco/aip/pkg/b57/implementations/go/b57.go:33.2,33.37 1 1
/Users/brian/dev/aco/aip/pkg/b57/implementations/go/b57.go:33.37,35.3 1 1
/Users/brian/dev/aco/aip/pkg/b57/implementations/go/b57.go:47.33,49.20 1 1
/Users/brian/dev/aco/aip/pkg/b57/implementations/go/b57.go:49.20,51.3 1 0
/Users/brian/dev/aco/aip/pkg/b57/implementations/go/b57.go:54.2,55.25 2 1
/Users/brian/dev/aco/aip/pkg/b57/implementations/go/b57.go:55.25,56.13 1 1
/Users/brian/dev/aco/aip/pkg/b57/implementations/go/b57.go:56.13,58.4 1 1
/Users/brian/dev/aco/aip/pkg/b57/implementations/go/b57.go:58.9,59.9 1 1
/Users/brian/dev/aco/aip/pkg/b57/implementations/go/b57.go:64.2,64.31 1 1
/Users/brian/dev/aco/aip/pkg/b57/implementations/go/b57.go:64.31,66.25 2 1
/Users/brian/dev/aco/aip/pkg/b57/implementations/go/b57.go:66.25,68.4 1 1
/Users/brian/dev/aco/aip/pkg/b57/implementations/go/b57.go:69.3,69.24 1 1
/Users/brian/dev/aco/aip/pkg/b57/implementations/go/b57.go:73.2,81.21 5 1
/Users/brian/dev/aco/aip/pkg/b57/implementations/go/b57.go:81.21,85.3 3 1
/Users/brian/dev/aco/aip/pkg/b57/implementations/go/b57.go:88.2,88.55 1 1
/Users/brian/dev/aco/aip/pkg/b57/implementations/go/b57.go:88.55,90.3 1 1
/Users/brian/dev/aco/aip/pkg/b57/implementations/go/b57.go:93.2,94.24 2 1
/Users/brian/dev/aco/aip/pkg/b57/implementations/go/b57.go:94.24,96.3 1 0
/Users/brian/dev/aco/aip/pkg/b57/implementations/go/b57.go:98.2,98.42 1 1
/Users/brian/dev/aco/aip/pkg/b57/implementations/go/b57.go:109.39,111.17 1 1
/Users/brian/dev/aco/aip/pkg/b57/implementations/go/b57.go:111.17,113.3 1 0
/Users/brian/dev/aco/aip/pkg/b57/implementations/go/b57.go:116.2,116.46 1 1
/Users/brian/dev/aco/aip/pkg/b57/implementations/go/b57.go:116.46,118.3 1 0
/Users/brian/dev/aco/aip/pkg/b57/implementations/go/b57.go:121.2,122.30 2 1
/Users/brian/dev/aco/aip/pkg/b57/implementations/go/b57.go:122.30,124.15 2 1
/Users/brian/dev/aco/aip/pkg/b57/implementations/go/b57.go:124.15,126.4 1 0
/Users/brian/dev/aco/aip/pkg/b57/implementations/go/b57.go:126.9,127.9 1 1
/Users/brian/dev/aco/aip/pkg/b57/implementations/go/b57.go:132.2,132.28 1 1
/Users/brian/dev/aco/aip/pkg/b57/implementations/go/b57.go:132.28,135.52 2 0
/Users/brian/dev/aco/aip/pkg/b57/implementations/go/b57.go:135.52,137.4 1 0
/Users/brian/dev/aco/aip/pkg/b57/implementations/go/b57.go:138.3,138.21 1 0
/Users/brian/dev/aco/aip/pkg/b57/implementations/go/b57.go:142.2,146.35 4 1
/Users/brian/dev/aco/aip/pkg/b57/implementations/go/b57.go:146.35,150.3 3 1
/Users/brian/dev/aco/aip/pkg/b57/implementations/go/b57.go:153.2,160.51 4 1
/Users/brian/dev/aco/aip/pkg/b57/implementations/go/b57.go:160.51,162.3 1 0
/Users/brian/dev/aco/aip/pkg/b57/implementations/go/b57.go:164.2,164.20 1 1
/Users/brian/dev/aco/aip/pkg/b57/implementations/go/b57.go:171.29,172.17 1 1
/Users/brian/dev/aco/aip/pkg/b57/implementations/go/b57.go:172.17,174.3 1 0
/Users/brian/dev/aco/aip/pkg/b57/implementations/go/b57.go:176.2,176.30 1 1
/Users/brian/dev/aco/aip/pkg/b57/implementations/go/b57.go:176.30,177.30 1 1
/Users/brian/dev/aco/aip/pkg/b57/implementations/go/b57.go:177.30,179.4 1 1
/Users/brian/dev/aco/aip/pkg/b57/implementations/go/b57.go:181.2,181.13 1 1
/Users/brian/dev/aco/aip/pkg/b57/implementations/go/b57.go:188.33,189.17 1 1
/Users/brian/dev/aco/aip/pkg/b57/implementations/go/b57.go:189.17,191.3 1 0
/Users/brian/dev/aco/aip/pkg/b57/implementations/go/b57.go:194.2,194.17 1 1
/Users/brian/dev/aco/aip/pkg/b57/implementations/go/b57.go:194.17,196.3 1 0
/Users/brian/dev/aco/aip/pkg/b57/implementations/go/b57.go:199.2,200.16 2 1
/Users/brian/dev/aco/aip/pkg/b57/implementations/go/b57.go:200.16,202.3 1 0
/Users/brian/dev/aco/aip/pkg/b57/implementations/go/b57.go:204.2,205.23 2 1
/Users/brian/dev/aco/aip/pkg/b57/implementations/go/b57.go:213.37,214.18 1 0
/Users/brian/dev/aco/aip/pkg/b57/implementations/go/b57.go:214.18,216.3 1 0
/Users/brian/dev/aco/aip/pkg/b57/implementations/go/b57.go:217.2,217.67 1 0
/Users/brian/dev/aco/aip/pkg/b57/implementations/go/b57.go:225.37,226.18 1 0
/Users/brian/dev/aco/aip/pkg/b57/implementations/go/b57.go:226.18,228.3 1 0
/Users/brian/dev/aco/aip/pkg/b57/implementations/go/b57.go:229.2,229.68 1 0
/Users/brian/dev/aco/aip/pkg/b57/implementations/go/b57.go:233.41,234.30 1 1
/Users/brian/dev/aco/aip/pkg/b57/implementations/go/b57.go:234.30,235.30 1 1
/Users/brian/dev/aco/aip/pkg/b57/implementations/go/b57.go:235.30,237.4 1 0
/Users/brian/dev/aco/aip/pkg/b57/implementations/go/b57.go:239.2,239.12 1 1
/Users/brian/dev/aco/aip/pkg/b57/implementations/go/b57.go:243.61,245.27 2 1
/Users/brian/dev/aco/aip/pkg/b57/implementations/go/b57.go:245.27,247.3 1 0
/Users/brian/dev/aco/aip/pkg/b57/implementations/go/b57.go:248.2,248.12 1 1
/Users/brian/dev/aco/aip/pkg/b57/implementations/go/errors.go:34.32,35.18 1 0
/Users/brian/dev/aco/aip/pkg/b57/implementations/go/errors.go:35.18,37.3 1 0
/Users/brian/dev/aco/aip/pkg/b57/implementations/go/errors.go:38.2,38.42 1 0
/Users/brian/dev/aco/aip/pkg/b57/implementations/go/errors.go:42.55,48.2 1 0
/Users/brian/dev/aco/aip/pkg/b57/implementations/go/errors.go:51.36,57.2 1 0
/Users/brian/dev/aco/aip/pkg/b57/implementations/go/errors.go:60.55,66.2 1 0
/Users/brian/dev/aco/aip/pkg/b57/implementations/go/errors.go:69.73,75.2 1 0
/Users/brian/dev/aco/aip/pkg/b57/implementations/go/errors.go:78.56,84.2 1 0
/Users/brian/dev/aco/aip/pkg/b57/implementations/go/errors.go:87.43,93.2 1 0
/Users/brian/dev/aco/aip/pkg/b57/implementations/go/errors.go:96.43,102.2 1 1
/Users/brian/dev/aco/aip/pkg/b57/implementations/go/errors.go:105.46,111.2 1 0
/Users/brian/dev/aco/aip/pkg/b57/implementations/go/r57.go:34.48,35.27 1 1
/Users/brian/dev/aco/aip/pkg/b57/implementations/go/r57.go:35.27,37.3 1 1
/Users/brian/dev/aco/aip/pkg/b57/implementations/go/r57.go:39.2,39.6 1 1
/Users/brian/dev/aco/aip/pkg/b57/implementations/go/r57.go:39.6,42.17 3 1
/Users/brian/dev/aco/aip/pkg/b57/implementations/go/r57.go:42.17,44.4 1 1
/Users/brian/dev/aco/aip/pkg/b57/implementations/go/r57.go:45.3,45.14 1 1
/Users/brian/dev/aco/aip/pkg/b57/implementations/go/r57.go:45.14,47.4 1 1
/Users/brian/dev/aco/aip/pkg/b57/implementations/go/r57.go:49.3,50.24 2 1
/Users/brian/dev/aco/aip/pkg/b57/implementations/go/r57.go:50.24,51.12 1 1
/Users/brian/dev/aco/aip/pkg/b57/implementations/go/r57.go:53.3,53.22 1 1
/Users/brian/dev/aco/aip/pkg/b57/implementations/go/r57.go:59.32,60.18 1 1
/Users/brian/dev/aco/aip/pkg/b57/implementations/go/r57.go:60.18,62.3 1 1
/Users/brian/dev/aco/aip/pkg/b57/implementations/go/r57.go:63.2,63.19 1 1
/Users/brian/dev/aco/aip/pkg/b57/implementations/go/r57.go:67.36,68.18 1 1
/Users/brian/dev/aco/aip/pkg/b57/implementations/go/r57.go:68.18,70.3 1 1
/Users/brian/dev/aco/aip/pkg/b57/implementations/go/r57.go:71.2,71.23 1 1
