mode: set
github.com/aco/b57/cmd/s57crosslang/main.go:20.13,26.16 2 0
github.com/aco/b57/cmd/s57crosslang/main.go:26.16,29.3 2 0
github.com/aco/b57/cmd/s57crosslang/main.go:31.2,32.35 2 0
github.com/aco/b57/cmd/s57crosslang/main.go:32.35,37.17 4 0
github.com/aco/b57/cmd/s57crosslang/main.go:37.17,40.4 2 0
github.com/aco/b57/cmd/s57crosslang/main.go:41.3,42.17 2 0
github.com/aco/b57/cmd/s57crosslang/main.go:42.17,45.4 2 0
github.com/aco/b57/cmd/s57crosslang/main.go:46.3,47.17 2 0
github.com/aco/b57/cmd/s57crosslang/main.go:47.17,50.4 2 0
github.com/aco/b57/cmd/s57crosslang/main.go:51.3,52.17 2 0
github.com/aco/b57/cmd/s57crosslang/main.go:52.17,55.4 2 0
github.com/aco/b57/cmd/s57crosslang/main.go:56.3,57.17 2 0
github.com/aco/b57/cmd/s57crosslang/main.go:57.17,60.4 2 0
github.com/aco/b57/cmd/s57crosslang/main.go:62.3,64.54 3 0
github.com/aco/b57/cmd/s57crosslang/main.go:67.2,67.89 1 0
github.com/aco/b57/cmd/s57crosslang/main.go:70.34,73.19 3 0
github.com/aco/b57/cmd/s57crosslang/main.go:73.19,75.3 1 0
github.com/aco/b57/cmd/s57crosslang/main.go:77.2,78.30 2 0
github.com/aco/b57/cmd/s57crosslang/main.go:78.30,80.3 1 0
github.com/aco/b57/cmd/s57crosslang/main.go:81.2,81.32 1 0
github.com/aco/b57/cmd/s57crosslang/main.go:81.32,83.3 1 0
github.com/aco/b57/cmd/s57crosslang/main.go:84.2,84.33 1 0
github.com/aco/b57/cmd/s57crosslang/main.go:84.33,86.3 1 0
github.com/aco/b57/cmd/s57crosslang/main.go:87.2,87.12 1 0
github.com/aco/b57/b57.go:27.13,29.28 1 1
github.com/aco/b57/b57.go:29.28,31.3 1 1
github.com/aco/b57/b57.go:33.2,33.37 1 1
github.com/aco/b57/b57.go:33.37,35.3 1 1
github.com/aco/b57/b57.go:47.33,49.20 1 1
github.com/aco/b57/b57.go:49.20,51.3 1 1
github.com/aco/b57/b57.go:54.2,55.25 2 1
github.com/aco/b57/b57.go:55.25,56.13 1 1
github.com/aco/b57/b57.go:56.13,58.4 1 1
github.com/aco/b57/b57.go:58.9,59.9 1 1
github.com/aco/b57/b57.go:64.2,64.31 1 1
github.com/aco/b57/b57.go:64.31,66.25 2 1
github.com/aco/b57/b57.go:66.25,68.4 1 1
github.com/aco/b57/b57.go:69.3,69.24 1 1
github.com/aco/b57/b57.go:73.2,81.21 5 1
github.com/aco/b57/b57.go:81.21,85.3 3 1
github.com/aco/b57/b57.go:88.2,88.55 1 1
github.com/aco/b57/b57.go:88.55,90.3 1 1
github.com/aco/b57/b57.go:93.2,94.24 2 1
github.com/aco/b57/b57.go:94.24,96.3 1 1
github.com/aco/b57/b57.go:98.2,98.42 1 1
github.com/aco/b57/b57.go:109.39,111.17 1 1
github.com/aco/b57/b57.go:111.17,113.3 1 1
github.com/aco/b57/b57.go:116.2,116.46 1 1
github.com/aco/b57/b57.go:116.46,118.3 1 1
github.com/aco/b57/b57.go:121.2,122.30 2 1
github.com/aco/b57/b57.go:122.30,124.15 2 1
github.com/aco/b57/b57.go:124.15,126.4 1 1
github.com/aco/b57/b57.go:126.9,127.9 1 1
github.com/aco/b57/b57.go:132.2,132.28 1 1
github.com/aco/b57/b57.go:132.28,135.52 2 1
github.com/aco/b57/b57.go:135.52,137.4 1 0
github.com/aco/b57/b57.go:138.3,138.21 1 1
github.com/aco/b57/b57.go:142.2,146.35 4 1
github.com/aco/b57/b57.go:146.35,150.3 3 1
github.com/aco/b57/b57.go:153.2,160.51 4 1
github.com/aco/b57/b57.go:160.51,162.3 1 0
github.com/aco/b57/b57.go:164.2,164.20 1 1
github.com/aco/b57/b57.go:171.29,172.17 1 1
github.com/aco/b57/b57.go:172.17,174.3 1 1
github.com/aco/b57/b57.go:176.2,176.30 1 1
github.com/aco/b57/b57.go:176.30,177.30 1 1
github.com/aco/b57/b57.go:177.30,179.4 1 1
github.com/aco/b57/b57.go:181.2,181.13 1 1
github.com/aco/b57/b57.go:188.33,189.17 1 1
github.com/aco/b57/b57.go:189.17,191.3 1 1
github.com/aco/b57/b57.go:194.2,194.17 1 1
github.com/aco/b57/b57.go:194.17,196.3 1 1
github.com/aco/b57/b57.go:199.2,200.16 2 1
github.com/aco/b57/b57.go:200.16,202.3 1 0
github.com/aco/b57/b57.go:204.2,205.23 2 1
github.com/aco/b57/b57.go:213.37,214.18 1 1
github.com/aco/b57/b57.go:214.18,216.3 1 1
github.com/aco/b57/b57.go:217.2,217.67 1 1
github.com/aco/b57/b57.go:225.37,226.18 1 1
github.com/aco/b57/b57.go:226.18,228.3 1 1
github.com/aco/b57/b57.go:229.2,229.68 1 1
github.com/aco/b57/b57.go:233.41,234.30 1 1
github.com/aco/b57/b57.go:234.30,235.30 1 1
github.com/aco/b57/b57.go:235.30,237.4 1 1
github.com/aco/b57/b57.go:239.2,239.12 1 1
github.com/aco/b57/b57.go:243.61,245.27 2 1
github.com/aco/b57/b57.go:245.27,247.3 1 1
github.com/aco/b57/b57.go:248.2,248.12 1 1
github.com/aco/b57/errors.go:40.32,41.18 1 1
github.com/aco/b57/errors.go:41.18,43.3 1 1
github.com/aco/b57/errors.go:44.2,44.42 1 1
github.com/aco/b57/errors.go:48.55,54.2 1 1
github.com/aco/b57/errors.go:57.36,63.2 1 1
github.com/aco/b57/errors.go:66.55,72.2 1 1
github.com/aco/b57/errors.go:75.73,81.2 1 1
github.com/aco/b57/errors.go:84.43,90.2 1 1
github.com/aco/b57/errors.go:93.43,99.2 1 1
github.com/aco/b57/errors.go:102.46,108.2 1 1
github.com/aco/b57/errors.go:111.50,117.2 1 1
github.com/aco/b57/errors.go:120.35,126.2 1 1
github.com/aco/b57/errors.go:129.34,135.2 1 1
github.com/aco/b57/errors.go:138.48,144.2 1 1
github.com/aco/b57/h57.go:60.62,62.27 2 1
github.com/aco/b57/h57.go:62.27,66.3 2 1
github.com/aco/b57/h57.go:66.8,68.10 2 1
github.com/aco/b57/h57.go:68.10,70.4 1 0
github.com/aco/b57/h57.go:71.3,72.58 2 1
github.com/aco/b57/h57.go:75.2,75.31 1 1
github.com/aco/b57/h57.go:79.71,81.16 2 1
github.com/aco/b57/h57.go:81.16,83.3 1 0
github.com/aco/b57/h57.go:84.2,84.30 1 1
github.com/aco/b57/h57.go:88.40,90.2 1 1
github.com/aco/b57/h57.go:93.44,95.2 1 1
github.com/aco/b57/h57.go:99.63,100.20 1 1
github.com/aco/b57/h57.go:100.20,102.3 1 1
github.com/aco/b57/h57.go:105.2,105.21 1 1
github.com/aco/b57/h57.go:105.21,108.3 2 1
github.com/aco/b57/h57.go:111.2,111.21 1 1
github.com/aco/b57/h57.go:111.21,114.3 2 1
github.com/aco/b57/h57.go:118.2,126.30 5 1
github.com/aco/b57/h57.go:126.30,133.30 6 1
github.com/aco/b57/h57.go:133.30,135.4 1 1
github.com/aco/b57/h57.go:136.3,139.13 3 1
github.com/aco/b57/h57.go:142.2,142.27 1 1
github.com/aco/b57/h57.go:147.83,148.27 1 1
github.com/aco/b57/h57.go:148.27,150.3 1 1
github.com/aco/b57/h57.go:152.2,153.9 2 1
github.com/aco/b57/h57.go:153.9,155.3 1 1
github.com/aco/b57/h57.go:157.2,158.37 2 1
github.com/aco/b57/h57.go:158.37,160.3 1 1
github.com/aco/b57/h57.go:163.2,163.40 1 0
github.com/aco/b57/i57.go:7.37,9.2 1 1
github.com/aco/b57/i57.go:13.46,15.2 1 1
github.com/aco/b57/i57.go:19.62,21.2 1 1
github.com/aco/b57/i57.go:25.46,27.2 1 1
github.com/aco/b57/i57.go:31.61,33.2 1 1
github.com/aco/b57/i57.go:37.36,38.17 1 1
github.com/aco/b57/i57.go:38.17,40.3 1 1
github.com/aco/b57/i57.go:41.2,41.23 1 1
github.com/aco/b57/i57.go:45.40,46.17 1 1
github.com/aco/b57/i57.go:46.17,48.3 1 1
github.com/aco/b57/i57.go:49.2,49.27 1 1
github.com/aco/b57/i57.go:53.47,54.22 1 0
github.com/aco/b57/i57.go:54.22,56.3 1 0
github.com/aco/b57/i57.go:57.2,57.24 1 0
github.com/aco/b57/i57.go:57.24,59.3 1 0
github.com/aco/b57/i57.go:60.2,60.30 1 0
github.com/aco/b57/i57.go:65.44,66.35 1 0
github.com/aco/b57/i57.go:66.35,68.3 1 0
github.com/aco/b57/i57.go:69.2,69.38 1 0
github.com/aco/b57/i57.go:69.38,71.3 1 0
github.com/aco/b57/i57.go:72.2,72.35 1 0
github.com/aco/b57/i57.go:72.35,74.3 1 0
github.com/aco/b57/i57.go:75.2,75.53 1 0
github.com/aco/b57/i57.go:75.53,77.3 1 0
github.com/aco/b57/i57.go:79.2,79.13 1 0
github.com/aco/b57/i57.go:82.50,87.34 4 0
github.com/aco/b57/i57.go:87.34,89.12 2 0
github.com/aco/b57/i57.go:89.12,90.30 1 0
github.com/aco/b57/i57.go:90.30,92.21 2 0
github.com/aco/b57/i57.go:92.21,94.6 1 0
github.com/aco/b57/i57.go:95.10,97.5 1 0
github.com/aco/b57/i57.go:101.2,101.21 1 0
github.com/aco/b57/i57.go:101.21,103.3 1 0
github.com/aco/b57/i57.go:104.2,104.27 1 0
github.com/aco/b57/i57.go:104.27,106.3 1 0
github.com/aco/b57/i57.go:107.2,107.13 1 0
github.com/aco/b57/i57.go:110.48,111.23 1 0
github.com/aco/b57/i57.go:111.23,113.3 1 0
github.com/aco/b57/i57.go:114.2,117.32 4 0
github.com/aco/b57/i57.go:120.49,121.17 1 0
github.com/aco/b57/i57.go:121.17,123.3 1 0
github.com/aco/b57/i57.go:124.2,124.62 1 0
github.com/aco/b57/id57.go:46.68,48.16 2 1
github.com/aco/b57/id57.go:48.16,50.3 1 0
github.com/aco/b57/id57.go:52.2,60.31 7 1
github.com/aco/b57/id57.go:64.56,66.2 1 1
github.com/aco/b57/id57.go:69.74,71.16 2 1
github.com/aco/b57/id57.go:71.16,73.3 1 0
github.com/aco/b57/id57.go:74.2,74.31 1 1
github.com/aco/b57/id57.go:78.62,80.2 1 1
github.com/aco/b57/id57.go:83.42,85.2 1 1
github.com/aco/b57/id57.go:88.46,90.2 1 1
github.com/aco/b57/id57.go:92.63,93.27 1 1
github.com/aco/b57/id57.go:93.27,95.3 1 1
github.com/aco/b57/id57.go:97.2,97.44 1 1
github.com/aco/b57/id57.go:97.44,99.3 1 1
github.com/aco/b57/id57.go:101.2,101.20 1 1
github.com/aco/b57/id57.go:104.46,105.17 1 1
github.com/aco/b57/id57.go:105.17,107.3 1 1
github.com/aco/b57/id57.go:109.2,110.21 2 1
github.com/aco/b57/id57.go:110.21,112.3 1 1
github.com/aco/b57/id57.go:114.2,115.21 2 1
github.com/aco/b57/id57_short.go:28.78,30.16 2 1
github.com/aco/b57/id57_short.go:30.16,32.3 1 0
github.com/aco/b57/id57_short.go:33.2,33.39 1 1
github.com/aco/b57/id57_short.go:38.61,40.2 1 1
github.com/aco/b57/id57_short.go:44.84,46.16 2 1
github.com/aco/b57/id57_short.go:46.16,48.3 1 0
github.com/aco/b57/id57_short.go:49.2,49.31 1 1
github.com/aco/b57/id57_short.go:54.67,56.2 1 1
github.com/aco/b57/id57_short.go:59.47,61.2 1 1
github.com/aco/b57/id57_short.go:64.51,66.2 1 1
github.com/aco/b57/id57_short.go:68.73,69.32 1 1
github.com/aco/b57/id57_short.go:69.32,71.3 1 1
github.com/aco/b57/id57_short.go:73.2,74.9 2 1
github.com/aco/b57/id57_short.go:74.9,76.3 1 1
github.com/aco/b57/id57_short.go:78.2,78.23 1 0
github.com/aco/b57/r57.go:56.48,58.16 2 1
github.com/aco/b57/r57.go:58.16,60.3 1 1
github.com/aco/b57/r57.go:61.2,61.31 1 1
github.com/aco/b57/r57.go:64.55,65.14 1 1
github.com/aco/b57/r57.go:66.21,67.30 1 1
github.com/aco/b57/r57.go:68.26,69.31 1 1
github.com/aco/b57/r57.go:70.25,71.37 1 1
github.com/aco/b57/r57.go:72.25,73.37 1 1
github.com/aco/b57/r57.go:74.27,75.39 1 1
github.com/aco/b57/r57.go:76.26,78.30 1 1
github.com/aco/b57/r57.go:79.27,80.39 1 1
github.com/aco/b57/r57.go:81.28,82.33 1 1
github.com/aco/b57/r57.go:83.10,84.45 1 1
github.com/aco/b57/r57.go:88.44,90.16 2 1
github.com/aco/b57/r57.go:90.16,92.3 1 0
github.com/aco/b57/r57.go:93.2,93.33 1 1
github.com/aco/b57/r57.go:96.50,98.16 2 1
github.com/aco/b57/r57.go:98.16,100.3 1 0
github.com/aco/b57/r57.go:101.2,102.16 2 1
github.com/aco/b57/r57.go:102.16,104.3 1 0
github.com/aco/b57/r57.go:105.2,105.44 1 1
github.com/aco/b57/r57.go:108.50,110.16 2 1
github.com/aco/b57/r57.go:110.16,112.3 1 0
github.com/aco/b57/r57.go:113.2,115.53 3 1
github.com/aco/b57/r57.go:118.52,120.16 2 1
github.com/aco/b57/r57.go:120.16,122.3 1 0
github.com/aco/b57/r57.go:123.2,126.16 4 1
github.com/aco/b57/r57.go:126.16,128.3 1 0
github.com/aco/b57/r57.go:129.2,129.63 1 1
github.com/aco/b57/r57.go:132.52,134.16 2 1
github.com/aco/b57/r57.go:134.16,136.3 1 0
github.com/aco/b57/r57.go:137.2,139.17 3 1
github.com/aco/b57/r57.go:142.46,144.16 2 1
github.com/aco/b57/r57.go:144.16,146.3 1 0
github.com/aco/b57/r57.go:147.2,152.16 6 1
github.com/aco/b57/r57.go:152.16,154.3 1 0
github.com/aco/b57/r57.go:155.2,155.61 1 1
github.com/aco/b57/r57.go:158.51,161.16 3 1
github.com/aco/b57/r57.go:161.16,163.3 1 1
github.com/aco/b57/r57.go:164.2,164.17 1 1
github.com/aco/b57/r57.go:164.17,166.3 1 1
github.com/aco/b57/r57.go:167.2,167.17 1 1
github.com/aco/b57/r57.go:170.88,171.17 1 1
github.com/aco/b57/r57.go:171.17,173.17 2 1
github.com/aco/b57/r57.go:173.17,176.4 2 0
github.com/aco/b57/r57.go:177.3,177.23 1 1
github.com/aco/b57/r57.go:179.2,179.23 1 1
github.com/aco/b57/r57.go:179.23,181.3 1 0
github.com/aco/b57/r57.go:182.2,182.23 1 1
github.com/aco/b57/r57.go:185.44,187.29 2 1
github.com/aco/b57/r57.go:187.29,189.3 1 1
github.com/aco/b57/r57.go:190.2,191.41 2 1
github.com/aco/b57/r57.go:194.38,196.24 2 1
github.com/aco/b57/r57.go:196.24,198.3 1 1
github.com/aco/b57/r57.go:200.2,201.24 2 1
github.com/aco/b57/r57.go:201.24,204.3 2 1
github.com/aco/b57/r57.go:205.2,205.16 1 1
github.com/aco/b57/r57.go:210.32,211.18 1 1
github.com/aco/b57/r57.go:211.18,213.3 1 1
github.com/aco/b57/r57.go:214.2,214.19 1 1
github.com/aco/b57/r57.go:218.36,219.18 1 1
github.com/aco/b57/r57.go:219.18,221.3 1 1
github.com/aco/b57/r57.go:222.2,222.23 1 1
github.com/aco/b57/s57.go:42.45,43.38 1 1
github.com/aco/b57/s57.go:43.38,45.3 1 1
github.com/aco/b57/s57.go:46.2,46.38 1 1
github.com/aco/b57/s57.go:46.38,48.3 1 1
github.com/aco/b57/s57.go:50.2,54.23 2 1
github.com/aco/b57/s57.go:54.23,56.3 1 0
github.com/aco/b57/s57.go:58.2,59.16 2 1
github.com/aco/b57/s57.go:59.16,61.3 1 0
github.com/aco/b57/s57.go:62.2,63.15 2 1
github.com/aco/b57/s57.go:67.56,69.20 2 1
github.com/aco/b57/s57.go:69.20,71.3 1 1
github.com/aco/b57/s57.go:73.2,86.8 7 1
github.com/aco/b57/s57.go:90.67,92.16 2 1
github.com/aco/b57/s57.go:92.16,94.3 1 1
github.com/aco/b57/s57.go:96.2,100.25 5 1
github.com/aco/b57/s57.go:104.66,106.9 2 1
github.com/aco/b57/s57.go:106.9,107.28 1 1
github.com/aco/b57/s57.go:107.28,109.4 1 1
github.com/aco/b57/s57.go:109.9,111.4 1 0
github.com/aco/b57/s57.go:113.2,113.38 1 1
github.com/aco/b57/s57.go:113.38,115.3 1 1
github.com/aco/b57/s57.go:117.2,122.25 6 1
github.com/aco/b57/s57.go:126.40,128.16 2 1
github.com/aco/b57/s57.go:128.16,130.3 1 1
github.com/aco/b57/s57.go:131.2,131.31 1 1
github.com/aco/b57/s57.go:135.44,137.16 2 1
github.com/aco/b57/s57.go:137.16,139.3 1 1
github.com/aco/b57/s57.go:140.2,143.34 4 1
github.com/aco/b57/s57.go:147.61,149.16 2 1
github.com/aco/b57/s57.go:149.16,151.3 1 1
github.com/aco/b57/s57.go:152.2,155.34 4 1
github.com/aco/b57/s57.go:159.67,161.16 2 1
github.com/aco/b57/s57.go:161.16,163.3 1 1
github.com/aco/b57/s57.go:164.2,168.38 5 1
github.com/aco/b57/s57.go:172.65,174.16 2 1
github.com/aco/b57/s57.go:174.16,176.3 1 1
github.com/aco/b57/s57.go:177.2,181.38 5 1
github.com/aco/b57/s57.go:185.79,191.2 5 1
github.com/aco/b57/s57.go:194.48,196.16 2 1
github.com/aco/b57/s57.go:196.16,198.3 1 1
github.com/aco/b57/s57.go:199.2,200.34 2 1
github.com/aco/b57/s57.go:204.63,205.23 1 1
github.com/aco/b57/s57.go:205.23,207.3 1 0
github.com/aco/b57/s57.go:208.2,209.30 2 1
github.com/aco/b57/s57.go:209.30,211.3 1 1
github.com/aco/b57/s57.go:212.2,213.30 2 1
github.com/aco/b57/s57.go:213.30,215.3 1 1
github.com/aco/b57/s57.go:216.2,217.34 2 1
github.com/aco/b57/s57.go:221.62,222.36 1 1
github.com/aco/b57/s57.go:222.36,224.3 1 1
github.com/aco/b57/s57.go:225.2,226.16 2 1
github.com/aco/b57/s57.go:226.16,228.3 1 1
github.com/aco/b57/s57.go:230.2,231.16 2 1
github.com/aco/b57/s57.go:231.16,233.3 1 0
github.com/aco/b57/s57.go:234.2,235.16 2 1
github.com/aco/b57/s57.go:235.16,237.3 1 0
github.com/aco/b57/s57.go:239.2,246.25 7 1
github.com/aco/b57/s57.go:250.92,252.16 2 1
github.com/aco/b57/s57.go:252.16,254.3 1 0
github.com/aco/b57/s57.go:255.2,255.24 1 1
github.com/aco/b57/s57.go:255.24,257.3 1 1
github.com/aco/b57/s57.go:259.2,260.27 2 1
github.com/aco/b57/s57.go:260.27,262.3 1 1
github.com/aco/b57/s57.go:264.2,265.57 2 1
github.com/aco/b57/s57.go:265.57,267.3 1 1
github.com/aco/b57/s57.go:268.2,268.27 1 1
github.com/aco/b57/s57.go:268.27,270.3 1 0
github.com/aco/b57/s57.go:272.2,272.36 1 1
github.com/aco/b57/s57.go:272.36,274.3 1 1
github.com/aco/b57/s57.go:276.2,280.16 4 1
github.com/aco/b57/s57.go:280.16,282.3 1 0
github.com/aco/b57/s57.go:283.2,284.16 2 1
github.com/aco/b57/s57.go:284.16,286.3 1 0
github.com/aco/b57/s57.go:288.2,289.16 2 1
github.com/aco/b57/s57.go:289.16,291.3 1 1
github.com/aco/b57/s57.go:292.2,292.16 1 1
github.com/aco/b57/s57.go:295.64,296.27 1 1
github.com/aco/b57/s57.go:296.27,298.3 1 0
github.com/aco/b57/s57.go:299.2,300.9 2 1
github.com/aco/b57/s57.go:300.9,302.3 1 0
github.com/aco/b57/s57.go:303.2,303.38 1 1
github.com/aco/b57/s57.go:303.38,305.3 1 1
github.com/aco/b57/s57.go:306.2,306.15 1 1
github.com/aco/b57/s57.go:309.54,312.16 3 1
github.com/aco/b57/s57.go:312.16,314.3 1 0
github.com/aco/b57/s57.go:315.2,315.17 1 1
github.com/aco/b57/cmd/crosslang/main.go:49.13,51.35 2 0
github.com/aco/b57/cmd/crosslang/main.go:51.35,53.17 2 0
github.com/aco/b57/cmd/crosslang/main.go:53.17,56.4 2 0
github.com/aco/b57/cmd/crosslang/main.go:57.3,57.19 1 0
github.com/aco/b57/cmd/crosslang/main.go:60.2,61.44 2 0
github.com/aco/b57/cmd/crosslang/main.go:61.44,64.3 2 0
github.com/aco/b57/cmd/crosslang/main.go:67.47,72.16 4 0
github.com/aco/b57/cmd/crosslang/main.go:72.16,74.3 1 0
github.com/aco/b57/cmd/crosslang/main.go:76.2,77.16 2 0
github.com/aco/b57/cmd/crosslang/main.go:77.16,79.3 1 0
github.com/aco/b57/cmd/crosslang/main.go:80.2,81.16 2 0
github.com/aco/b57/cmd/crosslang/main.go:81.16,83.3 1 0
github.com/aco/b57/cmd/crosslang/main.go:84.2,85.16 2 0
github.com/aco/b57/cmd/crosslang/main.go:85.16,87.3 1 0
github.com/aco/b57/cmd/crosslang/main.go:88.2,89.16 2 0
github.com/aco/b57/cmd/crosslang/main.go:89.16,91.3 1 0
github.com/aco/b57/cmd/crosslang/main.go:93.2,94.16 2 0
github.com/aco/b57/cmd/crosslang/main.go:94.16,96.3 1 0
github.com/aco/b57/cmd/crosslang/main.go:97.2,98.16 2 0
github.com/aco/b57/cmd/crosslang/main.go:98.16,100.3 1 0
github.com/aco/b57/cmd/crosslang/main.go:101.2,102.16 2 0
github.com/aco/b57/cmd/crosslang/main.go:102.16,104.3 1 0
github.com/aco/b57/cmd/crosslang/main.go:105.2,106.16 2 0
github.com/aco/b57/cmd/crosslang/main.go:106.16,108.3 1 0
github.com/aco/b57/cmd/crosslang/main.go:109.2,110.16 2 0
github.com/aco/b57/cmd/crosslang/main.go:110.16,112.3 1 0
github.com/aco/b57/cmd/crosslang/main.go:114.2,116.16 3 0
github.com/aco/b57/cmd/crosslang/main.go:116.16,118.3 1 0
github.com/aco/b57/cmd/crosslang/main.go:119.2,120.16 2 0
github.com/aco/b57/cmd/crosslang/main.go:120.16,122.3 1 0
github.com/aco/b57/cmd/crosslang/main.go:123.2,124.16 2 0
github.com/aco/b57/cmd/crosslang/main.go:124.16,126.3 1 0
github.com/aco/b57/cmd/crosslang/main.go:128.2,162.17 2 0
github.com/aco/b57/cmd/crosslang/main.go:165.30,169.15 3 0
github.com/aco/b57/cmd/crosslang/main.go:169.15,171.3 1 0
github.com/aco/b57/cmd/crosslang/main.go:173.2,174.30 2 0
github.com/aco/b57/cmd/crosslang/main.go:174.30,176.3 1 0
github.com/aco/b57/cmd/crosslang/main.go:178.2,178.28 1 0
github.com/aco/b57/cmd/crosslang/main.go:178.28,180.3 1 0
github.com/aco/b57/cmd/crosslang/main.go:181.2,181.29 1 0
github.com/aco/b57/cmd/crosslang/main.go:181.29,183.3 1 0
github.com/aco/b57/cmd/crosslang/main.go:185.2,185.13 1 0
github.com/aco/b57/cmd/benchmark/main.go:10.13,17.34 5 0
github.com/aco/b57/cmd/benchmark/main.go:17.34,21.3 3 0
github.com/aco/b57/cmd/benchmark/main.go:22.2,26.34 3 0
github.com/aco/b57/cmd/benchmark/main.go:26.34,28.3 1 0
github.com/aco/b57/cmd/benchmark/main.go:29.2,33.34 3 0
github.com/aco/b57/cmd/benchmark/main.go:33.34,37.3 3 0
github.com/aco/b57/cmd/benchmark/main.go:38.2,40.171 2 0
github.com/aco/b57/cmd/gentest/main.go:8.13,27.31 2 0
github.com/aco/b57/cmd/gentest/main.go:27.31,30.30 3 0
github.com/aco/b57/cmd/gentest/main.go:30.30,31.13 1 0
github.com/aco/b57/cmd/gentest/main.go:31.13,33.5 1 0
github.com/aco/b57/cmd/gentest/main.go:34.4,34.27 1 0
github.com/aco/b57/cmd/gentest/main.go:36.3,36.39 1 0
