mode: set
github.com/aco/f57/b57.go:27.13,29.28 1 1
github.com/aco/f57/b57.go:29.28,31.3 1 1
github.com/aco/f57/b57.go:33.2,33.37 1 1
github.com/aco/f57/b57.go:33.37,35.3 1 1
github.com/aco/f57/b57.go:47.33,49.20 1 1
github.com/aco/f57/b57.go:49.20,51.3 1 1
github.com/aco/f57/b57.go:54.2,55.25 2 1
github.com/aco/f57/b57.go:55.25,56.13 1 1
github.com/aco/f57/b57.go:56.13,58.4 1 1
github.com/aco/f57/b57.go:58.9,59.9 1 1
github.com/aco/f57/b57.go:64.2,64.31 1 1
github.com/aco/f57/b57.go:64.31,66.25 2 1
github.com/aco/f57/b57.go:66.25,68.4 1 1
github.com/aco/f57/b57.go:69.3,69.24 1 1
github.com/aco/f57/b57.go:73.2,81.21 5 1
github.com/aco/f57/b57.go:81.21,85.3 3 1
github.com/aco/f57/b57.go:88.2,88.55 1 1
github.com/aco/f57/b57.go:88.55,90.3 1 1
github.com/aco/f57/b57.go:93.2,94.24 2 1
github.com/aco/f57/b57.go:94.24,96.3 1 1
github.com/aco/f57/b57.go:98.2,98.42 1 1
github.com/aco/f57/b57.go:109.39,111.17 1 1
github.com/aco/f57/b57.go:111.17,113.3 1 1
github.com/aco/f57/b57.go:116.2,116.46 1 1
github.com/aco/f57/b57.go:116.46,118.3 1 1
github.com/aco/f57/b57.go:121.2,122.30 2 1
github.com/aco/f57/b57.go:122.30,124.15 2 1
github.com/aco/f57/b57.go:124.15,126.4 1 1
github.com/aco/f57/b57.go:126.9,127.9 1 1
github.com/aco/f57/b57.go:132.2,132.28 1 1
github.com/aco/f57/b57.go:132.28,135.52 2 1
github.com/aco/f57/b57.go:135.52,137.4 1 0
github.com/aco/f57/b57.go:138.3,138.21 1 1
github.com/aco/f57/b57.go:142.2,146.35 4 1
github.com/aco/f57/b57.go:146.35,150.3 3 1
github.com/aco/f57/b57.go:153.2,160.51 4 1
github.com/aco/f57/b57.go:160.51,162.3 1 0
github.com/aco/f57/b57.go:164.2,164.20 1 1
github.com/aco/f57/b57.go:171.29,172.17 1 1
github.com/aco/f57/b57.go:172.17,174.3 1 1
github.com/aco/f57/b57.go:176.2,176.30 1 1
github.com/aco/f57/b57.go:176.30,177.30 1 1
github.com/aco/f57/b57.go:177.30,179.4 1 1
github.com/aco/f57/b57.go:181.2,181.13 1 1
github.com/aco/f57/b57.go:188.33,189.17 1 1
github.com/aco/f57/b57.go:189.17,191.3 1 1
github.com/aco/f57/b57.go:194.2,194.17 1 1
github.com/aco/f57/b57.go:194.17,196.3 1 1
github.com/aco/f57/b57.go:199.2,200.16 2 1
github.com/aco/f57/b57.go:200.16,202.3 1 0
github.com/aco/f57/b57.go:204.2,205.23 2 1
github.com/aco/f57/b57.go:213.37,214.18 1 1
github.com/aco/f57/b57.go:214.18,216.3 1 1
github.com/aco/f57/b57.go:217.2,217.67 1 1
github.com/aco/f57/b57.go:225.37,226.18 1 1
github.com/aco/f57/b57.go:226.18,228.3 1 1
github.com/aco/f57/b57.go:229.2,229.68 1 1
github.com/aco/f57/b57.go:233.41,234.30 1 1
github.com/aco/f57/b57.go:234.30,235.30 1 1
github.com/aco/f57/b57.go:235.30,237.4 1 1
github.com/aco/f57/b57.go:239.2,239.12 1 1
github.com/aco/f57/b57.go:243.61,245.27 2 1
github.com/aco/f57/b57.go:245.27,247.3 1 1
github.com/aco/f57/b57.go:248.2,248.12 1 1
github.com/aco/f57/errors.go:34.32,35.18 1 1
github.com/aco/f57/errors.go:35.18,37.3 1 1
github.com/aco/f57/errors.go:38.2,38.42 1 1
github.com/aco/f57/errors.go:42.55,48.2 1 1
github.com/aco/f57/errors.go:51.36,57.2 1 1
github.com/aco/f57/errors.go:60.55,66.2 1 1
github.com/aco/f57/errors.go:69.73,75.2 1 1
github.com/aco/f57/errors.go:78.56,84.2 1 1
github.com/aco/f57/errors.go:87.43,93.2 1 0
github.com/aco/f57/errors.go:96.43,102.2 1 1
github.com/aco/f57/errors.go:105.46,111.2 1 0
github.com/aco/f57/h57.go:75.83,80.26 3 1
github.com/aco/f57/h57.go:80.26,81.28 1 1
github.com/aco/f57/h57.go:81.28,85.4 2 1
github.com/aco/f57/h57.go:85.9,87.11 2 1
github.com/aco/f57/h57.go:87.11,89.5 1 0
github.com/aco/f57/h57.go:90.4,91.59 2 1
github.com/aco/f57/h57.go:93.8,96.17 2 1
github.com/aco/f57/h57.go:96.17,98.4 1 1
github.com/aco/f57/h57.go:100.3,101.17 2 1
github.com/aco/f57/h57.go:101.17,103.4 1 1
github.com/aco/f57/h57.go:104.3,104.24 1 1
github.com/aco/f57/h57.go:107.2,107.31 1 1
github.com/aco/f57/h57.go:111.92,113.16 2 1
github.com/aco/f57/h57.go:113.16,115.3 1 1
github.com/aco/f57/h57.go:116.2,116.30 1 1
github.com/aco/f57/h57.go:120.40,122.2 1 1
github.com/aco/f57/h57.go:125.44,127.2 1 1
github.com/aco/f57/h57.go:129.69,130.16 1 1
github.com/aco/f57/h57.go:131.18,133.21 2 1
github.com/aco/f57/h57.go:134.18,136.21 2 1
github.com/aco/f57/h57.go:137.18,140.21 2 1
github.com/aco/f57/h57.go:141.10,142.58 1 1
github.com/aco/f57/h57.go:148.63,149.20 1 1
github.com/aco/f57/h57.go:149.20,151.3 1 1
github.com/aco/f57/h57.go:154.2,154.21 1 1
github.com/aco/f57/h57.go:154.21,157.3 2 1
github.com/aco/f57/h57.go:160.2,160.21 1 1
github.com/aco/f57/h57.go:160.21,163.3 2 1
github.com/aco/f57/h57.go:167.2,175.30 5 1
github.com/aco/f57/h57.go:175.30,182.30 6 1
github.com/aco/f57/h57.go:182.30,184.4 1 0
github.com/aco/f57/h57.go:185.3,188.13 3 1
github.com/aco/f57/h57.go:191.2,191.27 1 1
github.com/aco/f57/h57.go:196.83,197.27 1 1
github.com/aco/f57/h57.go:197.27,199.3 1 1
github.com/aco/f57/h57.go:201.2,202.9 2 1
github.com/aco/f57/h57.go:202.9,204.3 1 1
github.com/aco/f57/h57.go:206.2,207.37 2 1
github.com/aco/f57/h57.go:207.37,209.3 1 1
github.com/aco/f57/h57.go:212.2,212.40 1 1
github.com/aco/f57/i57.go:5.37,7.2 1 1
github.com/aco/f57/i57.go:11.46,13.2 1 1
github.com/aco/f57/i57.go:17.83,19.2 1 1
github.com/aco/f57/i57.go:23.46,25.2 1 1
github.com/aco/f57/i57.go:29.82,31.2 1 1
github.com/aco/f57/i57.go:35.36,37.2 1 1
github.com/aco/f57/i57.go:41.40,43.2 1 1
github.com/aco/f57/id57.go:48.89,50.16 2 1
github.com/aco/f57/id57.go:50.16,52.3 1 1
github.com/aco/f57/id57.go:54.2,58.16 4 1
github.com/aco/f57/id57.go:58.16,60.3 1 1
github.com/aco/f57/id57.go:62.2,66.31 4 1
github.com/aco/f57/id57.go:70.56,72.2 1 1
github.com/aco/f57/id57.go:75.95,77.16 2 1
github.com/aco/f57/id57.go:77.16,79.3 1 1
github.com/aco/f57/id57.go:80.2,80.31 1 1
github.com/aco/f57/id57.go:84.62,86.2 1 1
github.com/aco/f57/id57.go:89.42,91.2 1 1
github.com/aco/f57/id57.go:94.46,96.2 1 1
github.com/aco/f57/id57.go:98.63,99.27 1 1
github.com/aco/f57/id57.go:99.27,101.3 1 1
github.com/aco/f57/id57.go:103.2,103.44 1 1
github.com/aco/f57/id57.go:103.44,105.3 1 1
github.com/aco/f57/id57.go:107.2,107.20 1 1
github.com/aco/f57/id57.go:110.102,111.18 1 1
github.com/aco/f57/id57.go:111.18,113.3 1 1
github.com/aco/f57/id57.go:115.2,115.26 1 1
github.com/aco/f57/id57.go:115.26,117.3 1 1
github.com/aco/f57/id57.go:119.2,120.16 2 1
github.com/aco/f57/id57.go:120.16,122.3 1 1
github.com/aco/f57/id57.go:124.2,124.37 1 1
github.com/aco/f57/id57.go:124.37,126.3 1 1
github.com/aco/f57/id57.go:128.2,128.23 1 1
github.com/aco/f57/id57.go:131.46,132.17 1 1
github.com/aco/f57/id57.go:132.17,134.3 1 1
github.com/aco/f57/id57.go:136.2,137.21 2 1
github.com/aco/f57/id57.go:137.21,139.3 1 1
github.com/aco/f57/id57.go:141.2,142.21 2 1
github.com/aco/f57/id57_short.go:29.99,31.16 2 1
github.com/aco/f57/id57_short.go:31.16,33.3 1 1
github.com/aco/f57/id57_short.go:34.2,34.47 1 1
github.com/aco/f57/id57_short.go:39.61,41.2 1 1
github.com/aco/f57/id57_short.go:45.105,47.16 2 1
github.com/aco/f57/id57_short.go:47.16,49.3 1 0
github.com/aco/f57/id57_short.go:50.2,50.31 1 1
github.com/aco/f57/id57_short.go:55.67,57.2 1 1
github.com/aco/f57/id57_short.go:60.47,62.2 1 1
github.com/aco/f57/id57_short.go:65.51,67.2 1 1
github.com/aco/f57/id57_short.go:69.73,70.32 1 1
github.com/aco/f57/id57_short.go:70.32,72.3 1 1
github.com/aco/f57/id57_short.go:74.2,75.9 2 1
github.com/aco/f57/id57_short.go:75.9,77.3 1 1
github.com/aco/f57/id57_short.go:79.2,79.23 1 1
github.com/aco/f57/r57.go:34.48,35.27 1 1
github.com/aco/f57/r57.go:35.27,37.3 1 1
github.com/aco/f57/r57.go:39.2,39.6 1 1
github.com/aco/f57/r57.go:39.6,42.17 3 1
github.com/aco/f57/r57.go:42.17,44.4 1 1
github.com/aco/f57/r57.go:45.3,45.14 1 1
github.com/aco/f57/r57.go:45.14,47.4 1 1
github.com/aco/f57/r57.go:49.3,50.24 2 1
github.com/aco/f57/r57.go:50.24,51.12 1 1
github.com/aco/f57/r57.go:53.3,53.22 1 1
github.com/aco/f57/r57.go:59.32,60.18 1 1
github.com/aco/f57/r57.go:60.18,62.3 1 1
github.com/aco/f57/r57.go:63.2,63.19 1 1
github.com/aco/f57/r57.go:67.36,68.18 1 1
github.com/aco/f57/r57.go:68.18,70.3 1 1
github.com/aco/f57/r57.go:71.2,71.23 1 1
